>>> SWMS-26618 73a30394
    state=expired why=explicit expiry/invalid message and no form rendered shot=shots/73a30394.png
>>> SWMS-26632 a9a9b9d5
    state=expired why=explicit expiry/invalid message and no form rendered shot=shots/a9a9b9d5.png
>>> SWMS-26709 47170013
    state=expired why=explicit expiry/invalid message and no form rendered shot=shots/47170013.png
>>> SWMS-26715 b6198a3f
    state=expired why=explicit expiry/invalid message and no form rendered shot=shots/b6198a3f.png
>>> SWMS-26719 16f37945
    state=expired why=explicit expiry/invalid message and no form rendered shot=shots/16f37945.png
>>> SWMS-26728 6fc50346
    state=expired why=explicit expiry/invalid message and no form rendered shot=shots/6fc50346.png
>>> SWMS-26728 91dbe2d3
    state=expired why=explicit expiry/invalid message and no form rendered shot=shots/91dbe2d3.png
>>> SWMS-26728 d8573a1e
    state=expired why=explicit expiry/invalid message and no form rendered shot=shots/d8573a1e.png
>>> SWMS-26729 4c9fe382
    state=expired why=explicit expiry/invalid message and no form rendered shot=shots/4c9fe382.png
>>> SWMS-26732 39017dd9
    state=expired why=explicit expiry/invalid message and no form rendered shot=shots/39017dd9.png
>>> SWMS-26732 b3bfa15b
    state=expired why=explicit expiry/invalid message and no form rendered shot=shots/b3bfa15b.png
>>> SWMS-26732 44aa9b53
    state=expired why=explicit expiry/invalid message and no form rendered shot=shots/44aa9b53.png
>>> SWMS-26735 15045576
    state=expired why=explicit expiry/invalid message and no form rendered shot=shots/15045576.png
>>> SWMS-26735 bf15708d
    state=expired why=explicit expiry/invalid message and no form rendered shot=shots/bf15708d.png
>>> SWMS-26735 5f5d4550
    state=expired why=explicit expiry/invalid message and no form rendered shot=shots/5f5d4550.png
>>> SWMS-26735 b7535bdf
    state=expired why=explicit expiry/invalid message and no form rendered shot=shots/b7535bdf.png
>>> SWMS-26736 bed455ef
    state=expired why=explicit expiry/invalid message and no form rendered shot=shots/bed455ef.png
>>> SWMS-26736 cb2a6955
    !! redaction unverified, screenshot withheld: {"ok":false,"reason":"page not settled (bodyHtml=2575b); refusing to capture","covered":0,"uncovered":[],"labelsPresent":0,"boxes":0}
    state=expired why=explicit expiry/invalid message and no form rendered shot=REDACTION-FAILED-NO-SCREENSHOT
>>> SWMS-26736 fbf711ac
    state= why= shot=shots/fbf711ac.png
>>> SWMS-26736 bbfee074
    state=expired why=explicit expiry/invalid message and no form rendered shot=shots/bbfee074.png
>>> SWMS-26740 b314f0da
    state=expired why=explicit expiry/invalid message and no form rendered shot=shots/b314f0da.png
>>> SWMS-26740 7020e47b
    state=expired why=explicit expiry/invalid message and no form rendered shot=shots/7020e47b.png
>>> SWMS-26740 86fbeb46
    state=expired why=explicit expiry/invalid message and no form rendered shot=shots/86fbeb46.png
>>> SWMS-26748 d3dbac05
    state=expired why=explicit expiry/invalid message and no form rendered shot=shots/d3dbac05.png
>>> SWMS-26748 818d96b0
    state=expired why=explicit expiry/invalid message and no form rendered shot=shots/818d96b0.png
>>> SWMS-26748 24c3dd46
    state=expired why=explicit expiry/invalid message and no form rendered shot=shots/24c3dd46.png
>>> SWMS-26754 5d4ca4bf
    state=expired why=explicit expiry/invalid message and no form rendered shot=shots/5d4ca4bf.png
>>> SWMS-26759 ace0a334
    state=expired why=explicit expiry/invalid message and no form rendered shot=shots/ace0a334.png
>>> SWMS-26759 9861bb69
    state=expired why=explicit expiry/invalid message and no form rendered shot=shots/9861bb69.png
>>> SWMS-26759 4c1f8270
    state=expired why=explicit expiry/invalid message and no form rendered shot=shots/4c1f8270.png
>>> SWMS-26759 7a831ee5
    !! redaction unverified, screenshot withheld: {"ok":false,"reason":"page not settled (bodyHtml=2575b); refusing to capture","covered":0,"uncovered":[],"labelsPresent":0,"boxes":0}
    state=expired why=explicit expiry/invalid message and no form rendered shot=REDACTION-FAILED-NO-SCREENSHOT
>>> SWMS-26803 2dce428f
    state= why= shot=shots/2dce428f.png
>>> SWMS-26810 ff5ac8dd
    state=expired why=explicit expiry/invalid message and no form rendered shot=shots/ff5ac8dd.png
>>> SWMS-26848 728fb9be
    state=expired why=explicit expiry/invalid message and no form rendered shot=shots/728fb9be.png
>>> SWMS-26849 8b6f70ac
    state=expired why=explicit expiry/invalid message and no form rendered shot=shots/8b6f70ac.png
>>> SWMS-26857 afbdaffb
    state=expired why=explicit expiry/invalid message and no form rendered shot=shots/afbdaffb.png
>>> SWMS-26957 4a758764
    state=expired why=explicit expiry/invalid message and no form rendered shot=shots/4a758764.png
/Users/marninstobbe/.treehouse/secureworks-backend-5961a6/10/secureworks-backend/data/ses-run-skill-batch5-links-v1/evidence/capture-expired.sh: line 58: unexpected EOF while looking for matching `"'
